// Jest Snapshot v1, https://goo.gl/fbAQLP

exports[`render login modal 1`] = `
<View
  onLayout={[Function]}
  style={
    Array [
      Object {
        "flex": 1,
      },
      Object {
        "paddingBottom": 0,
      },
    ]
  }
>
  <View
    accessible={true}
    focusable={true}
    onClick={[Function]}
    onResponderGrant={[Function]}
    onResponderMove={[Function]}
    onResponderRelease={[Function]}
    onResponderTerminate={[Function]}
    onResponderTerminationRequest={[Function]}
    onStartShouldSetResponder={[Function]}
    style={
      Object {
        "alignItems": "center",
        "backgroundColor": "#00000080",
        "flex": 1,
        "justifyContent": "center",
      }
    }
  >
    <View
      style={
        Object {
          "backgroundColor": "#FFFFFF",
          "borderRadius": 20,
          "paddingHorizontal": 24,
          "paddingVertical": 20,
          "width": "80%",
        }
      }
    >
      <Text
        style={
          Object {
            "color": "#333333",
            "fontWeight": "500",
            "marginVertical": 8,
          }
        }
      >
        Username
      </Text>
      <TextInput
        onChangeText={[Function]}
        placeholder="Enter your username"
        placeholderTextColor="#CACACA"
        style={
          Object {
            "borderColor": "#CACACA",
            "borderRadius": 8,
            "borderWidth": 1,
            "height": 40,
            "padding": 12,
          }
        }
        value=""
      />
      <Text
        style={
          Object {
            "color": "#333333",
            "fontWeight": "500",
            "marginVertical": 8,
          }
        }
      >
        Password
      </Text>
      <TextInput
        onChangeText={[Function]}
        placeholder="Enter your password"
        placeholderTextColor="#CACACA"
        style={
          Object {
            "borderColor": "#CACACA",
            "borderRadius": 8,
            "borderWidth": 1,
            "height": 40,
            "padding": 12,
          }
        }
        value=""
      />
      <View
        style={
          Object {
            "alignItems": "center",
            "justifyContent": "space-around",
            "marginTop": 12,
          }
        }
      >
        <Text
          style={
            Array [
              Object {
                "color": "#333333",
                "fontWeight": "500",
                "marginVertical": 8,
              },
              Object {
                "color": "#EB596E",
              },
            ]
          }
        />
        <View
          accessibilityState={
            Object {
              "disabled": true,
            }
          }
          accessible={true}
          collapsable={false}
          focusable={true}
          onClick={[Function]}
          onResponderGrant={[Function]}
          onResponderMove={[Function]}
          onResponderRelease={[Function]}
          onResponderTerminate={[Function]}
          onResponderTerminationRequest={[Function]}
          onStartShouldSetResponder={[Function]}
          style={
            Object {
              "alignItems": "center",
              "backgroundColor": "#808080",
              "borderRadius": 8,
              "flexDirection": "row",
              "height": 48,
              "justifyContent": "center",
              "marginTop": 16,
              "opacity": 1,
              "paddingHorizontal": 16,
              "width": "70%",
            }
          }
        >
          <Text
            style={
              Object {
                "color": "#F2EDD7",
                "fontSize": 16,
                "fontWeight": "bold",
              }
            }
          >
            Login
          </Text>
        </View>
      </View>
    </View>
  </View>
</View>
`;
